04:58:03 **** Incremental Build of configuration Debug for project lab5_test ****
make all 
Building file: ../src/main.s
Invoking: MCU GCC Assembler
/Users/Evan/Project/STM32/lab5_test/Debug
arm-none-eabi-as -mcpu=cortex-m4 -mthumb -mfloat-abi=hard -mfpu=fpv4-sp-d16 -I"/Users/Evan/Project/STM32/lab5_test/inc" -g -o "src/main.o" "../src/main.s"
Finished building: ../src/main.s
 
Building target: lab5_test.elf
Invoking: MCU GCC Linker
arm-none-eabi-gcc -mcpu=cortex-m4 -mthumb -mfloat-abi=hard -mfpu=fpv4-sp-d16 -T"/Users/Evan/Project/STM32/lab5_test/LinkerScript.ld" -Wl,-Map=output.map -Wl,--gc-sections -lm -o "lab5_test.elf" @"objects.list"  
Finished building target: lab5_test.elf
 
/Applications/Xcode.app/Contents/Developer/usr/bin/make --no-print-directory post-build
Generating binary and Printing size information:
arm-none-eabi-objcopy -O binary "lab5_test.elf" "lab5_test.bin"
arm-none-eabi-size "lab5_test.elf"
   text	   data	    bss	    dec	    hex	filename
   1496	   1080	   1056	   3632	    e30	lab5_test.elf
 

04:58:04 Build Finished (took 169ms)

