04:04:50 **** Incremental Build of configuration Debug for project lab5_3 ****
make all 
Building file: ../src/mian.s
Invoking: MCU GCC Assembler
/Users/Evan/Project/STM32/lab5_3/Debug
arm-none-eabi-as -mcpu=cortex-m4 -mthumb -mfloat-abi=hard -mfpu=fpv4-sp-d16 -I"/Users/Evan/Project/STM32/lab5_3/inc" -g -o "src/mian.o" "../src/mian.s"
Finished building: ../src/mian.s
 
Building target: lab5_3.elf
Invoking: MCU GCC Linker
arm-none-eabi-gcc -mcpu=cortex-m4 -mthumb -mfloat-abi=hard -mfpu=fpv4-sp-d16 -T"/Users/Evan/Project/STM32/lab5_3/LinkerScript.ld" -Wl,-Map=output.map -Wl,--gc-sections -lm -o "lab5_3.elf" @"objects.list"  
Finished building target: lab5_3.elf
 
/Applications/Xcode.app/Contents/Developer/usr/bin/make --no-print-directory post-build
Generating binary and Printing size information:
arm-none-eabi-objcopy -O binary "lab5_3.elf" "lab5_3.bin"
arm-none-eabi-size "lab5_3.elf"
   text	   data	    bss	    dec	    hex	filename
   1704	   1104	   1056	   3864	    f18	lab5_3.elf
 

04:04:50 Build Finished (took 183ms)

