03:11:05 **** Incremental Build of configuration Debug for project lab7_1 ****
make all 
Building file: ../src/delay_1s.s
Invoking: MCU GCC Assembler
/Users/Evan/Project/STM32/lab7_1/Debug
arm-none-eabi-as -mcpu=cortex-m4 -mthumb -mfloat-abi=hard -mfpu=fpv4-sp-d16 -I"/Users/Evan/Project/STM32/lab7_1/inc" -g -o "src/delay_1s.o" "../src/delay_1s.s"
Finished building: ../src/delay_1s.s
 
Building target: lab7_1.elf
Invoking: MCU GCC Linker
arm-none-eabi-gcc -mcpu=cortex-m4 -mthumb -mfloat-abi=hard -mfpu=fpv4-sp-d16 -T"/Users/Evan/Project/STM32/lab7_1/LinkerScript.ld" -Wl,-Map=output.map -Wl,--gc-sections -lm -o "lab7_1.elf" @"objects.list"  
Finished building target: lab7_1.elf
 
/Applications/Xcode.app/Contents/Developer/usr/bin/make --no-print-directory post-build
Generating binary and Printing size information:
arm-none-eabi-objcopy -O binary "lab7_1.elf" "lab7_1.bin"
arm-none-eabi-size "lab7_1.elf"
   text	   data	    bss	    dec	    hex	filename
   1488	   1160	   1056	   3704	    e78	lab7_1.elf
 

03:11:05 Build Finished (took 228ms)

