06:36:54 **** Incremental Build of configuration Debug for project lab7_2a ****
make all 
Building file: ../src/main.c
Invoking: MCU GCC Compiler
/Users/Evan/Project/STM32/lab7_2a/Debug
arm-none-eabi-gcc -mcpu=cortex-m4 -mthumb -mfloat-abi=hard -mfpu=fpv4-sp-d16 -DNUCLEO_L476RG -DSTM32 -DSTM32L476RGTx -DSTM32L4 -DDEBUG -I"/Users/Evan/Project/STM32/lab7_2a/inc" -O0 -g3 -Wall -fmessage-length=0 -ffunction-sections -c -MMD -MP -MF"src/main.d" -MT"src/main.o" -o "src/main.o" "../src/main.c"
In file included from ../src/stm32l476xx.h:184:0,
                 from ../src/main.c:1:
../src/core_cm4.h: In function 'NVIC_SystemReset':
../src/core_cm4.h:1792:3: warning: implicit declaration of function '__DSB' [-Wimplicit-function-declaration]
   __DSB();                                                          /* Ensure all outstanding memory accesses included
   ^
../src/core_cm4.h:1801:5: warning: implicit declaration of function '__NOP' [-Wimplicit-function-declaration]
     __NOP();
     ^
Finished building: ../src/main.c
 
Building target: lab7_2a.elf
Invoking: MCU GCC Linker
arm-none-eabi-gcc -mcpu=cortex-m4 -mthumb -mfloat-abi=hard -mfpu=fpv4-sp-d16 -T"/Users/Evan/Project/STM32/lab7_2a/LinkerScript.ld" -Wl,-Map=output.map -Wl,--gc-sections -lm -o "lab7_2a.elf" @"objects.list"  
Finished building target: lab7_2a.elf
 
/Applications/Xcode.app/Contents/Developer/usr/bin/make --no-print-directory post-build
Generating binary and Printing size information:
arm-none-eabi-objcopy -O binary "lab7_2a.elf" "lab7_2a.bin"
arm-none-eabi-size "lab7_2a.elf"
   text	   data	    bss	    dec	    hex	filename
   1664	   1080	   1056	   3800	    ed8	lab7_2a.elf
 

06:36:54 Build Finished (took 537ms)

